[2025-09-30 13:07:35] markDonorServed called with donorId: 2
Status column update: SQLSTATE[01000]: Warning: 1265 Data truncated for column 'status' at row 1
Available tables: admin_actions, admin_audit_log, admin_users, blood_inventory, blood_inventory_audit, blood_inventory_summary, blood_requests, blood_requests_inventory, donations_new, donor_contacts, donor_matching_new, donor_medical_screening_fixed, donor_medical_screening_simple, donor_medical_screening_temp, donor_messages_new, donor_notes, donors_new, expiring_blood_units, request_communications, request_notes, site_settings, user_remember_tokens, users_new
Using table: donors_new
Columns in donors_new: id, first_name, last_name, email, phone, blood_type, date_of_birth, gender, address, city, province, emergency_contact, emergency_phone, medical_conditions, medications, last_donation_date, served_date, reference_code, role, created_at, updated_at, weight, height, status
Updating donor 2 status to 'served'
Update result: success
[2025-09-30 13:07:58] markDonorServed called with donorId: 2
Updated status column to include 'served'
Available tables: admin_actions, admin_audit_log, admin_users, blood_inventory, blood_inventory_audit, blood_inventory_summary, blood_requests, blood_requests_inventory, donations_new, donor_contacts, donor_matching_new, donor_medical_screening_fixed, donor_medical_screening_simple, donor_medical_screening_temp, donor_messages_new, donor_notes, donors_new, expiring_blood_units, request_communications, request_notes, site_settings, user_remember_tokens, users_new
Using table: donors_new
Columns in donors_new: id, first_name, last_name, email, phone, blood_type, date_of_birth, gender, address, city, province, emergency_contact, emergency_phone, medical_conditions, medications, last_donation_date, served_date, reference_code, role, created_at, updated_at, weight, height, status
Updating donor 2 status to 'served'
Update result: success
[2025-09-30 13:09:15] markDonorServed called with donorId: 2
Updated status column to include 'served'
Available tables: admin_actions, admin_audit_log, admin_users, blood_inventory, blood_inventory_audit, blood_inventory_summary, blood_requests, blood_requests_inventory, donations_new, donor_contacts, donor_matching_new, donor_medical_screening_fixed, donor_medical_screening_simple, donor_medical_screening_temp, donor_messages_new, donor_notes, donors_new, expiring_blood_units, request_communications, request_notes, site_settings, user_remember_tokens, users_new
Using table: donors_new
Columns in donors_new: id, first_name, last_name, email, phone, blood_type, date_of_birth, gender, address, city, province, emergency_contact, emergency_phone, medical_conditions, medications, last_donation_date, served_date, reference_code, role, created_at, updated_at, weight, height, status
Updating donor 2 status to 'served'
Update result: success
[2025-11-11 13:39:52] markDonorServed donorId=2 SUCCESS unit=UNIT-A+-20250101-00002
[2025-11-11 20:39:53] markDonorServed donorId=2 SUCCESS unit=UNIT-A+-20250101-00002
[2025-11-11 20:39:53] markDonorServed donorId=3 SUCCESS unit=UNIT-UNK-20250101-00003
[2025-11-11 14:09:00] markDonorServed donorId=6 SUCCESS unit=UNIT-A+-20250101-00006
[2025-11-11 21:09:00] markDonorServed donorId=6 SUCCESS unit=UNIT-A+-20250101-00006
[2025-11-11 21:09:01] markDonorServed donorId=7 SUCCESS unit=UNIT-UNK-20250101-00007
[2025-11-11 14:10:52] markDonorServed donorId=8 SUCCESS unit=UNIT-A+-20250101-00008
[2025-11-11 21:10:53] markDonorServed donorId=8 SUCCESS unit=UNIT-A+-20250101-00008
[2025-11-11 21:10:53] markDonorServed donorId=9 SUCCESS unit=UNIT-UNK-20250101-00009
[2025-11-11 14:11:44] markDonorServed donorId=10 SUCCESS unit=UNIT-A+-20250101-00010
[2025-11-11 21:11:44] markDonorServed donorId=10 SUCCESS unit=UNIT-A+-20250101-00010
[2025-11-11 21:11:45] markDonorServed donorId=11 SUCCESS unit=UNIT-UNK-20250101-00011
[2025-11-11 14:13:13] markDonorServed donorId=12 SUCCESS unit=UNIT-O--20250103-00012
[2025-11-11 21:13:13] markDonorServed donorId=13 SUCCESS unit=UNIT-B+-20250103-00013
[2025-11-11 21:13:13] markDonorServed donorId=14 SUCCESS unit=UNIT-AB--20250103-00014
[2025-11-11 21:13:14] markDonorServed donorId=12 SUCCESS unit=UNIT-O--20250103-00012
[2025-11-11 21:13:14] markDonorServed donorId=13 SUCCESS unit=UNIT-B+-20250103-00013
[2025-11-11 21:13:14] markDonorServed donorId=14 SUCCESS unit=UNIT-AB--20250103-00014
[2025-11-11 14:14:44] markDonorServed donorId=15 SUCCESS unit=UNIT-A+-20250101-00015
[2025-11-11 21:14:44] markDonorServed donorId=15 SUCCESS unit=UNIT-A+-20250101-00015
[2025-11-11 21:14:45] markDonorServed donorId=16 SUCCESS unit=UNIT-UNK-20250101-00016
[2025-11-11 14:21:42] markDonorServed donorId=17 SUCCESS unit=UNIT-A+-20250101-00017
[2025-11-11 21:21:42] markDonorServed donorId=17 SUCCESS unit=UNIT-A+-20250101-00017
[2025-11-11 21:21:42] markDonorServed donorId=18 SUCCESS unit=UNIT-UNK-20250101-00018
[2025-11-11 14:23:43] markDonorServed donorId=19 SUCCESS unit=UNIT-A+-20250101-00019
[2025-11-11 21:23:43] markDonorServed donorId=19 SUCCESS unit=UNIT-A+-20250101-00019
[2025-11-11 21:23:44] markDonorServed donorId=20 SUCCESS unit=UNIT-UNK-20250101-00020
[2025-11-11 14:29:52] markDonorServed donorId=21 SUCCESS unit=UNIT-A+-20250101-00021
[2025-11-11 21:29:52] markDonorServed donorId=21 SUCCESS unit=UNIT-A+-20250101-00021
[2025-11-11 21:29:52] markDonorServed donorId=22 SUCCESS unit=UNIT-UNK-20250101-00022
[2025-11-11 14:30:10] markDonorServed donorId=23 SUCCESS unit=UNIT-A+-20250101-00023
[2025-11-11 21:30:10] markDonorServed donorId=23 SUCCESS unit=UNIT-A+-20250101-00023
[2025-11-11 21:30:11] markDonorServed donorId=24 SUCCESS unit=UNIT-UNK-20250101-00024
[2025-11-11 14:35:51] markDonorServed donorId=25 SUCCESS unit=UNIT-A+-20250101-00025
[2025-11-11 21:35:51] markDonorServed donorId=25 SUCCESS unit=UNIT-A+-20250101-00025
[2025-11-11 21:35:51] markDonorServed donorId=26 SUCCESS unit=UNIT-UNK-20250101-00026
[2025-11-11 14:36:09] markDonorServed donorId=27 SUCCESS unit=UNIT-A+-20250101-00027
[2025-11-11 21:36:09] markDonorServed donorId=27 SUCCESS unit=UNIT-A+-20250101-00027
[2025-11-11 21:36:09] markDonorServed donorId=28 SUCCESS unit=UNIT-UNK-20250101-00028
[2025-11-11 14:37:00] markDonorServed donorId=29 SUCCESS unit=UNIT-A+-20250101-00029
[2025-11-11 21:37:00] markDonorServed donorId=29 SUCCESS unit=UNIT-A+-20250101-00029
[2025-11-11 21:37:01] markDonorServed donorId=30 SUCCESS unit=UNIT-UNK-20250101-00030
[2025-11-11 14:41:24] markDonorServed donorId=31 SUCCESS unit=UNIT-O--20250103-00031
[2025-11-11 21:41:24] markDonorServed donorId=32 SUCCESS unit=UNIT-B+-20250103-00032
[2025-11-11 21:41:25] markDonorServed donorId=33 SUCCESS unit=UNIT-AB--20250103-00033
[2025-11-11 21:41:25] markDonorServed donorId=31 SUCCESS unit=UNIT-O--20250103-00031
[2025-11-11 21:41:25] markDonorServed donorId=32 SUCCESS unit=UNIT-B+-20250103-00032
[2025-11-11 21:41:26] markDonorServed donorId=33 SUCCESS unit=UNIT-AB--20250103-00033
[2025-11-11 14:42:57] markDonorServed donorId=34 SUCCESS unit=UNIT-O--20250103-00034
[2025-11-11 21:42:57] markDonorServed donorId=35 SUCCESS unit=UNIT-B+-20250103-00035
[2025-11-11 21:42:58] markDonorServed donorId=36 SUCCESS unit=UNIT-AB--20250103-00036
[2025-11-11 21:42:58] markDonorServed donorId=34 SUCCESS unit=UNIT-O--20250103-00034
[2025-11-11 21:42:58] markDonorServed donorId=35 SUCCESS unit=UNIT-B+-20250103-00035
[2025-11-11 21:42:58] markDonorServed donorId=36 SUCCESS unit=UNIT-AB--20250103-00036
[2025-11-11 14:45:13] markDonorServed donorId=37 SUCCESS unit=UNIT-A+-20250101-00037
[2025-11-11 21:45:14] markDonorServed donorId=37 SUCCESS unit=UNIT-A+-20250101-00037
[2025-11-11 21:45:14] markDonorServed donorId=38 SUCCESS unit=UNIT-UNK-20250101-00038
[2025-11-11 14:49:43] markDonorServed donorId=39 SUCCESS unit=UNIT-A+-20250101-00039
[2025-11-11 21:49:43] markDonorServed donorId=39 SUCCESS unit=UNIT-A+-20250101-00039
[2025-11-11 21:49:44] markDonorServed donorId=40 SUCCESS unit=UNIT-UNK-20250101-00040
[2025-11-11 14:50:33] markDonorServed donorId=41 SUCCESS unit=UNIT-A+-20250101-00041
[2025-11-11 21:50:33] markDonorServed donorId=41 SUCCESS unit=UNIT-A+-20250101-00041
[2025-11-11 21:50:34] markDonorServed donorId=42 SUCCESS unit=UNIT-UNK-20250101-00042
[2025-11-11 14:52:27] markDonorServed donorId=43 SUCCESS unit=UNIT-A+-20250101-00043
[2025-11-11 21:52:27] markDonorServed donorId=43 SUCCESS unit=UNIT-A+-20250101-00043
[2025-11-11 21:52:28] markDonorServed donorId=44 SUCCESS unit=UNIT-UNK-20250101-00044
[2025-11-11 15:05:07] markDonorServed donorId=45 SUCCESS unit=UNIT-A+-20250101-00045
[2025-11-11 22:05:07] markDonorServed donorId=45 SUCCESS unit=UNIT-A+-20250101-00045
[2025-11-11 22:05:07] markDonorServed donorId=46 SUCCESS unit=UNIT-UNK-20250101-00046
[2025-11-11 22:05:08] markDonorServed donorId=47 SUCCESS unit=UNIT-O--20250103-00047
[2025-11-11 22:05:08] markDonorServed donorId=48 SUCCESS unit=UNIT-B+-20250103-00048
[2025-11-11 22:05:08] markDonorServed donorId=49 SUCCESS unit=UNIT-AB--20250103-00049
[2025-11-11 22:05:09] markDonorServed donorId=47 SUCCESS unit=UNIT-O--20250103-00047
[2025-11-11 22:05:09] markDonorServed donorId=48 SUCCESS unit=UNIT-B+-20250103-00048
[2025-11-11 22:05:10] markDonorServed donorId=49 SUCCESS unit=UNIT-AB--20250103-00049
[2025-11-11 15:05:23] markDonorServed donorId=50 SUCCESS unit=UNIT-A+-20250101-00050
[2025-11-11 22:05:23] markDonorServed donorId=50 SUCCESS unit=UNIT-A+-20250101-00050
[2025-11-11 22:05:24] markDonorServed donorId=51 SUCCESS unit=UNIT-UNK-20250101-00051
[2025-11-11 22:05:24] markDonorServed donorId=52 SUCCESS unit=UNIT-O--20250103-00052
[2025-11-11 22:05:24] markDonorServed donorId=53 SUCCESS unit=UNIT-B+-20250103-00053
[2025-11-11 22:05:25] markDonorServed donorId=54 SUCCESS unit=UNIT-AB--20250103-00054
[2025-11-11 22:05:25] markDonorServed donorId=52 SUCCESS unit=UNIT-O--20250103-00052
[2025-11-11 22:05:25] markDonorServed donorId=53 SUCCESS unit=UNIT-B+-20250103-00053
[2025-11-11 22:05:26] markDonorServed donorId=54 SUCCESS unit=UNIT-AB--20250103-00054
[2025-11-11 15:11:17] markDonorServed donorId=55 SUCCESS unit=UNIT-A+-20250101-00055
[2025-11-11 22:11:18] markDonorServed donorId=55 SUCCESS unit=UNIT-A+-20250101-00055
[2025-11-11 22:11:18] markDonorServed donorId=56 SUCCESS unit=UNIT-UNK-20250101-00056
[2025-11-11 22:11:18] markDonorServed donorId=57 SUCCESS unit=UNIT-O--20250103-00057
[2025-11-11 22:11:19] markDonorServed donorId=58 SUCCESS unit=UNIT-B+-20250103-00058
[2025-11-11 22:11:19] markDonorServed donorId=59 SUCCESS unit=UNIT-AB--20250103-00059
[2025-11-11 22:11:19] markDonorServed donorId=57 SUCCESS unit=UNIT-O--20250103-00057
[2025-11-11 22:11:20] markDonorServed donorId=58 SUCCESS unit=UNIT-B+-20250103-00058
[2025-11-11 22:11:20] markDonorServed donorId=59 SUCCESS unit=UNIT-AB--20250103-00059
[2025-11-11 15:11:55] markDonorServed donorId=60 SUCCESS unit=UNIT-A+-20250101-00060
[2025-11-11 22:11:55] markDonorServed donorId=60 SUCCESS unit=UNIT-A+-20250101-00060
[2025-11-11 22:11:55] markDonorServed donorId=61 SUCCESS unit=UNIT-UNK-20250101-00061
[2025-11-11 22:11:56] markDonorServed donorId=62 SUCCESS unit=UNIT-O--20250103-00062
[2025-11-11 22:11:56] markDonorServed donorId=63 SUCCESS unit=UNIT-B+-20250103-00063
[2025-11-11 22:11:57] markDonorServed donorId=64 SUCCESS unit=UNIT-AB--20250103-00064
[2025-11-11 22:11:57] markDonorServed donorId=62 SUCCESS unit=UNIT-O--20250103-00062
[2025-11-11 22:11:57] markDonorServed donorId=63 SUCCESS unit=UNIT-B+-20250103-00063
[2025-11-11 22:11:58] markDonorServed donorId=64 SUCCESS unit=UNIT-AB--20250103-00064
